.next/types/validator.ts(483,39): error TS2306: File 'D:/project/online-course-management-system/frontend/src/app/teacher/create-course/guide/page.tsx' is not a module.
src/app/teacher/assignments/page.tsx(191,54): error TS2322: Type '{ children: Element[]; value: AssignmentStatus | "all"; onValueChange: (v: any) => void; }' is not assignable to type 'IntrinsicAttributes & SelectProps & RefAttributes<HTMLSelectElement>'.
  Property 'onValueChange' does not exist on type 'IntrinsicAttributes & SelectProps & RefAttributes<HTMLSelectElement>'. Did you mean 'onVolumeChange'?
src/app/teacher/assignments/page.tsx(191,70): error TS7006: Parameter 'v' implicitly has an 'any' type.
src/app/teacher/assignments/page.tsx(227,37): error TS2322: Type '"lg"' is not assignable to type 'Size | undefined'.
src/app/teacher/courses/[slug]/versions/[versionId]/view/page.tsx(612,75): error TS2339: Property 'timeLimit' does not exist on type 'QuizResponse'.
src/app/teacher/courses/[slug]/versions/[versionId]/view/page.tsx(615,83): error TS2339: Property 'timeLimit' does not exist on type 'QuizResponse'.
src/app/teacher/courses/[slug]/versions/[versionId]/view/page.tsx(621,114): error TS2339: Property 'status' does not exist on type 'QuizResponse'.
src/app/teacher/courses/[slug]/versions/[versionId]/view/page.tsx(622,78): error TS2339: Property 'status' does not exist on type 'QuizResponse'.
src/app/teacher/courses/[slug]/versions/[versionId]/view/page.tsx(625,79): error TS2339: Property 'status' does not exist on type 'QuizResponse'.
src/app/teacher/quizzes/page.tsx(165,83): error TS2322: Type '"lg"' is not assignable to type 'Size | undefined'.
src/core/components/teacher/content/PreviewMode.tsx(563,75): error TS2339: Property 'timeLimit' does not exist on type 'QuizResponse'.
src/core/components/teacher/content/PreviewMode.tsx(566,83): error TS2339: Property 'timeLimit' does not exist on type 'QuizResponse'.
src/core/components/teacher/content/PreviewMode.tsx(572,114): error TS2339: Property 'status' does not exist on type 'QuizResponse'.
src/core/components/teacher/content/PreviewMode.tsx(573,78): error TS2339: Property 'status' does not exist on type 'QuizResponse'.
src/core/components/teacher/content/PreviewMode.tsx(576,79): error TS2339: Property 'status' does not exist on type 'QuizResponse'.
src/core/components/teacher/lessons/VideoUpload.tsx(162,32): error TS2339: Property 'fileKey' does not exist on type 'RequestUploadUrlResponse'.
src/core/components/teacher/lessons/VideoUpload.tsx(195,17): error TS2353: Object literal may only specify known properties, and 'fileKey' does not exist in type 'UpdateVideoRequest'.
src/core/components/teacher/quiz/CreateQuizDialog.tsx(44,9): error TS2322: Type 'Resolver<{ title: string; description?: string | undefined; timeLimitMinutes?: unknown; passingScore?: unknown; maxAttempts?: unknown; }, any, { title: string; description?: string | undefined; timeLimitMinutes?: number | null | undefined; passingScore?: number | ... 1 more ... | undefined; maxAttempts?: number | .....' is not assignable to type 'Resolver<{ title: string; description?: string | undefined; timeLimitMinutes?: number | null | undefined; passingScore?: number | null | undefined; maxAttempts?: number | null | undefined; }, any, { ...; }>'.
  Types of parameters 'options' and 'options' are incompatible.
    Type 'ResolverOptions<{ title: string; description?: string | undefined; timeLimitMinutes?: number | null | undefined; passingScore?: number | null | undefined; maxAttempts?: number | null | undefined; }>' is not assignable to type 'ResolverOptions<{ title: string; description?: string | undefined; timeLimitMinutes?: unknown; passingScore?: unknown; maxAttempts?: unknown; }>'.
      Type 'unknown' is not assignable to type 'number | null | undefined'.
src/core/components/teacher/quiz/CreateQuizDialog.tsx(88,46): error TS2345: Argument of type '(data: CreateQuizFormData) => void' is not assignable to parameter of type 'SubmitHandler<TFieldValues>'.
  Types of parameters 'data' and 'data' are incompatible.
    Type 'TFieldValues' is not assignable to type '{ title: string; description?: string | undefined; timeLimitMinutes?: number | null | undefined; passingScore?: number | null | undefined; maxAttempts?: number | null | undefined; }'.
      Property 'title' is missing in type 'FieldValues' but required in type '{ title: string; description?: string | undefined; timeLimitMinutes?: number | null | undefined; passingScore?: number | null | undefined; maxAttempts?: number | null | undefined; }'.
src/core/components/teacher/quiz/LessonQuizManager.tsx(143,111): error TS2339: Property 'status' does not exist on type 'QuizResponse'.
src/core/components/teacher/quiz/LessonQuizManager.tsx(147,51): error TS2339: Property 'status' does not exist on type 'QuizResponse'.
src/core/components/teacher/quiz/LessonQuizManager.tsx(155,47): error TS2339: Property 'timeLimit' does not exist on type 'QuizResponse'.
src/core/components/teacher/quiz/LessonQuizManager.tsx(158,55): error TS2339: Property 'timeLimit' does not exist on type 'QuizResponse'.
src/core/components/teacher/quiz/LinkQuizModal.tsx(129,123): error TS2339: Property 'quizType' does not exist on type 'QuizResponse'.
src/core/components/teacher/quiz/LinkQuizModal.tsx(131,64): error TS2339: Property 'quizType' does not exist on type 'QuizResponse'.
src/core/components/teacher/quiz/LinkQuizModal.tsx(135,63): error TS2339: Property 'quizType' does not exist on type 'QuizResponse'.
src/core/components/teacher/quiz/LinkQuizModal.tsx(148,59): error TS2339: Property 'timeLimit' does not exist on type 'QuizResponse'.
src/core/components/teacher/quiz/LinkQuizModal.tsx(151,67): error TS2339: Property 'timeLimit' does not exist on type 'QuizResponse'.
src/core/components/teacher/quiz/QuizQuestionsTab.tsx(46,68): error TS2345: Argument of type 'number | undefined' is not assignable to parameter of type 'number | null'.
  Type 'undefined' is not assignable to type 'number | null'.
src/core/components/teacher/quiz/QuizSettingsTab.tsx(52,9): error TS2322: Type 'Resolver<{ title: string; randomizeQuestions: boolean; randomizeOptions: boolean; description?: string | null | undefined; timeLimitMinutes?: unknown; passingScore?: unknown; maxAttempts?: unknown; }, any, { title: string; ... 5 more ...; maxAttempts?: number | ... 1 more ... | undefined; }>' is not assignable to type 'Resolver<{ title: string; randomizeQuestions: boolean; randomizeOptions: boolean; description?: string | null | undefined; timeLimitMinutes?: number | null | undefined; passingScore?: number | null | undefined; maxAttempts?: number | ... 1 more ... | undefined; }, any, { ...; }>'.
  Types of parameters 'options' and 'options' are incompatible.
    Type 'ResolverOptions<{ title: string; randomizeQuestions: boolean; randomizeOptions: boolean; description?: string | null | undefined; timeLimitMinutes?: number | null | undefined; passingScore?: number | null | undefined; maxAttempts?: number | ... 1 more ... | undefined; }>' is not assignable to type 'ResolverOptions<{ title: string; randomizeQuestions: boolean; randomizeOptions: boolean; description?: string | null | undefined; timeLimitMinutes?: unknown; passingScore?: unknown; maxAttempts?: unknown; }>'.
      Type 'unknown' is not assignable to type 'number | null | undefined'.
src/core/components/teacher/quiz/QuizSettingsTab.tsx(81,38): error TS2345: Argument of type '(data: QuizSettingsFormData) => void' is not assignable to parameter of type 'SubmitHandler<TFieldValues>'.
  Types of parameters 'data' and 'data' are incompatible.
    Type 'TFieldValues' is not assignable to type '{ title: string; randomizeQuestions: boolean; randomizeOptions: boolean; description?: string | null | undefined; timeLimitMinutes?: number | null | undefined; passingScore?: number | null | undefined; maxAttempts?: number | ... 1 more ... | undefined; }'.
      Type 'FieldValues' is missing the following properties from type '{ title: string; randomizeQuestions: boolean; randomizeOptions: boolean; description?: string | null | undefined; timeLimitMinutes?: number | null | undefined; passingScore?: number | null | undefined; maxAttempts?: number | ... 1 more ... | undefined; }': title, randomizeQuestions, randomizeOptions
src/core/components/teacher/quizzes/index.ts(1,26): error TS2307: Cannot find module './QuizForm' or its corresponding type declarations.
